[coderthemes.com/hyper/modern/apps-ecommerce-shopping-cart.html]
[backblue.gif]
[fade.gif]
[index.html]
[coderthemes.com/hyper/modern/assets/images/favicon.ico]
[coderthemes.com/hyper/modern/assets/css/icons.min.css]
[coderthemes.com/hyper/modern/assets/css/app-modern.min.css]
[coderthemes.com/hyper/modern/assets/css/app-modern-dark.min.css]
[coderthemes.com/hyper/modern/index.html]
[coderthemes.com/hyper/modern/assets/images/logo-light.png]
[coderthemes.com/hyper/modern/assets/images/logo_sm.png]
[coderthemes.com/hyper/modern/assets/images/flags/us.jpg]
[coderthemes.com/hyper/modern/assets/images/flags/germany.jpg]
[coderthemes.com/hyper/modern/assets/images/flags/italy.jpg]
[coderthemes.com/hyper/modern/assets/images/flags/spain.jpg]
[coderthemes.com/hyper/modern/assets/images/flags/russia.jpg]
[coderthemes.com/hyper/modern/assets/images/users/avatar-2.jpg]
[coderthemes.com/hyper/modern/assets/images/users/avatar-4.jpg]
[coderthemes.com/hyper/modern/assets/images/brands/slack.png]
[coderthemes.com/hyper/modern/assets/images/brands/github.png]
[coderthemes.com/hyper/modern/assets/images/brands/dribbble.png]
[coderthemes.com/hyper/modern/assets/images/brands/bitbucket.png]
[coderthemes.com/hyper/modern/assets/images/brands/dropbox.png]
[coderthemes.com/hyper/modern/assets/images/brands/g-suite.png]
[coderthemes.com/hyper/modern/assets/images/users/avatar-1.jpg]
[coderthemes.com/hyper/modern/assets/images/users/avatar-5.jpg]
[coderthemes.com/hyper/modern/dashboard-analytics.html]
[coderthemes.com/hyper/modern/dashboard-crm.html]
[coderthemes.com/hyper/modern/dashboard-projects.html]
[coderthemes.com/hyper/modern/apps-calendar.html]
[coderthemes.com/hyper/modern/apps-chat.html]
[coderthemes.com/hyper/modern/apps-ecommerce-products.html]
[coderthemes.com/hyper/modern/apps-ecommerce-products-details.html]
[coderthemes.com/hyper/modern/apps-ecommerce-orders.html]
[coderthemes.com/hyper/modern/apps-ecommerce-orders-details.html]
[coderthemes.com/hyper/modern/apps-ecommerce-customers.html]
[coderthemes.com/hyper/modern/apps-ecommerce-checkout.html]
[coderthemes.com/hyper/modern/apps-ecommerce-sellers.html]
[coderthemes.com/hyper/modern/apps-email-inbox.html]
[coderthemes.com/hyper/modern/apps-email-read.html]
[coderthemes.com/hyper/modern/apps-projects-list.html]
[coderthemes.com/hyper/modern/apps-projects-details.html]
[coderthemes.com/hyper/modern/apps-projects-gantt.html]
[coderthemes.com/hyper/modern/apps-projects-add.html]
[coderthemes.com/hyper/modern/apps-social-feed.html]
[coderthemes.com/hyper/modern/apps-tasks.html]
[coderthemes.com/hyper/modern/apps-tasks-details.html]
[coderthemes.com/hyper/modern/apps-kanban.html]
[coderthemes.com/hyper/modern/apps-file-manager.html]
[coderthemes.com/hyper/modern/pages-profile.html]
[coderthemes.com/hyper/modern/pages-profile-2.html]
[coderthemes.com/hyper/modern/pages-invoice.html]
[coderthemes.com/hyper/modern/pages-faq.html]
[coderthemes.com/hyper/modern/pages-pricing.html]
[coderthemes.com/hyper/modern/pages-maintenance.html]
[coderthemes.com/hyper/modern/pages-login.html]
[coderthemes.com/hyper/modern/pages-login-2.html]
[coderthemes.com/hyper/modern/pages-register.html]
[coderthemes.com/hyper/modern/pages-register-2.html]
[coderthemes.com/hyper/modern/pages-logout.html]
[coderthemes.com/hyper/modern/pages-logout-2.html]
[coderthemes.com/hyper/modern/pages-recoverpw.html]
[coderthemes.com/hyper/modern/pages-recoverpw-2.html]
[coderthemes.com/hyper/modern/pages-lock-screen.html]
[coderthemes.com/hyper/modern/pages-lock-screen-2.html]
[coderthemes.com/hyper/modern/pages-confirm-mail.html]
[coderthemes.com/hyper/modern/pages-confirm-mail-2.html]
[coderthemes.com/hyper/modern/pages-404.html]
[coderthemes.com/hyper/modern/pages-404-alt.html]
[coderthemes.com/hyper/modern/pages-500.html]
[coderthemes.com/hyper/modern/pages-starter.html]
[coderthemes.com/hyper/modern/pages-preloader.html]
[coderthemes.com/hyper/modern/pages-timeline.html]
[coderthemes.com/hyper/modern/landing.html]
[coderthemes.com/hyper/modern/layouts-horizontal.html]
[coderthemes.com/hyper/modern/layouts-vertical.html]
[coderthemes.com/hyper/modern/ui-accordions.html]
[coderthemes.com/hyper/modern/ui-alerts.html]
[coderthemes.com/hyper/modern/ui-avatars.html]
[coderthemes.com/hyper/modern/ui-badges.html]
[coderthemes.com/hyper/modern/ui-breadcrumb.html]
[coderthemes.com/hyper/modern/ui-buttons.html]
[coderthemes.com/hyper/modern/ui-cards.html]
[coderthemes.com/hyper/modern/ui-carousel.html]
[coderthemes.com/hyper/modern/ui-dropdowns.html]
[coderthemes.com/hyper/modern/ui-embed-video.html]
[coderthemes.com/hyper/modern/ui-grid.html]
[coderthemes.com/hyper/modern/ui-list-group.html]
[coderthemes.com/hyper/modern/ui-modals.html]
[coderthemes.com/hyper/modern/ui-notifications.html]
[coderthemes.com/hyper/modern/ui-offcanvas.html]
[coderthemes.com/hyper/modern/ui-placeholders.html]
[coderthemes.com/hyper/modern/ui-pagination.html]
[coderthemes.com/hyper/modern/ui-popovers.html]
[coderthemes.com/hyper/modern/ui-progress.html]
[coderthemes.com/hyper/modern/ui-ribbons.html]
[coderthemes.com/hyper/modern/ui-spinners.html]
[coderthemes.com/hyper/modern/ui-tabs.html]
[coderthemes.com/hyper/modern/ui-tooltips.html]
[coderthemes.com/hyper/modern/ui-typography.html]
[coderthemes.com/hyper/modern/extended-dragula.html]
[coderthemes.com/hyper/modern/extended-range-slider.html]
[coderthemes.com/hyper/modern/extended-ratings.html]
[coderthemes.com/hyper/modern/extended-scrollbar.html]
[coderthemes.com/hyper/modern/extended-scrollspy.html]
[coderthemes.com/hyper/modern/extended-treeview.html]
[coderthemes.com/hyper/modern/widgets.html]
[coderthemes.com/hyper/modern/icons-dripicons.html]
[coderthemes.com/hyper/modern/icons-mdi.html]
[coderthemes.com/hyper/modern/icons-unicons.html]
[coderthemes.com/hyper/modern/form-elements.html]
[coderthemes.com/hyper/modern/form-advanced.html]
[coderthemes.com/hyper/modern/form-validation.html]
[coderthemes.com/hyper/modern/form-wizard.html]
[coderthemes.com/hyper/modern/form-fileuploads.html]
[coderthemes.com/hyper/modern/form-editors.html]
[coderthemes.com/hyper/modern/charts-apex-area.html]
[coderthemes.com/hyper/modern/charts-apex-bar.html]
[coderthemes.com/hyper/modern/charts-apex-bubble.html]
[coderthemes.com/hyper/modern/charts-apex-candlestick.html]
[coderthemes.com/hyper/modern/charts-apex-column.html]
[coderthemes.com/hyper/modern/charts-apex-heatmap.html]
[coderthemes.com/hyper/modern/charts-apex-line.html]
[coderthemes.com/hyper/modern/charts-apex-mixed.html]
[coderthemes.com/hyper/modern/charts-apex-pie.html]
[coderthemes.com/hyper/modern/charts-apex-radar.html]
[coderthemes.com/hyper/modern/charts-apex-radialbar.html]
[coderthemes.com/hyper/modern/charts-apex-scatter.html]
[coderthemes.com/hyper/modern/charts-apex-sparklines.html]
[coderthemes.com/hyper/modern/charts-brite.html]
[coderthemes.com/hyper/modern/charts-chartjs.html]
[coderthemes.com/hyper/modern/charts-sparkline.html]
[coderthemes.com/hyper/modern/tables-basic.html]
[coderthemes.com/hyper/modern/tables-datatable.html]
[coderthemes.com/hyper/modern/maps-google.html]
[coderthemes.com/hyper/modern/maps-vector.html]
[coderthemes.com/hyper/modern/assets/images/help-icon.svg]
[coderthemes.com/hyper/modern/assets/images/products/product-1.jpg]
[coderthemes.com/hyper/modern/assets/images/products/product-2.jpg]
[coderthemes.com/hyper/modern/assets/images/products/product-3.jpg]
[coderthemes.com/hyper/modern/assets/images/products/product-5.jpg]
[coderthemes.com/hyper/modern/apps-ecommerce-shopping-cart.html]
[coderthemes.com/hyper/modern/assets/js/app.min.js]
[coderthemes.com/hyper/modern/assets/fonts/unicons8adf.eot]
[coderthemes.com/hyper/modern/assets/fonts/unicons8adf.woff2]
[coderthemes.com/hyper/modern/assets/js/vendor.min.js]
[coderthemes.com/hyper/modern/assets/fonts/unicons8adf.woff]
[coderthemes.com/hyper/modern/assets/fonts/unicons8adf.ttf]
[coderthemes.com/hyper/modern/assets/fonts/unicons8adf.svg]
[coderthemes.com/hyper/modern/assets/fonts/dripicons-v2.eot]
[coderthemes.com/hyper/modern/assets/fonts/dripicons-v2d41d.eot]
[coderthemes.com/hyper/modern/assets/fonts/dripicons-v2.woff]
[coderthemes.com/hyper/modern/assets/fonts/dripicons-v2.ttf]
[coderthemes.com/hyper/modern/assets/fonts/dripicons-v2.svg]
[coderthemes.com/hyper/modern/assets/fonts/materialdesignicons-webfonte910.eot]
[coderthemes.com/hyper/modern/assets/fonts/materialdesignicons-webfontd41d.eot]
[coderthemes.com/hyper/modern/assets/fonts/materialdesignicons-webfonte910.woff2]
[coderthemes.com/hyper/modern/assets/fonts/materialdesignicons-webfonte910.woff]
[coderthemes.com/hyper/modern/assets/fonts/materialdesignicons-webfonte910.ttf]
[coderthemes.com/hyper/modern/assets/css/icons.min.css]
[coderthemes.com/hyper/modern/assets/images/waves.png]
[coderthemes.com/hyper/modern/assets/fonts/Nunito-Light.eot]
[coderthemes.com/hyper/modern/assets/fonts/Nunito-Lightd41d.eot]
[coderthemes.com/hyper/modern/assets/fonts/Nunito-Light.woff]
[coderthemes.com/hyper/modern/assets/fonts/Nunito-Light.ttf]
[coderthemes.com/hyper/modern/assets/fonts/Nunito-Light.svg]
[coderthemes.com/hyper/modern/assets/fonts/Nunito-Regular.eot]
[coderthemes.com/hyper/modern/assets/fonts/Nunito-Regulard41d.eot]
[coderthemes.com/hyper/modern/assets/fonts/Nunito-Regular.woff]
[coderthemes.com/hyper/modern/assets/fonts/Nunito-Regular.ttf]
[coderthemes.com/hyper/modern/assets/fonts/Nunito-SemiBold.eot]
[coderthemes.com/hyper/modern/assets/fonts/Nunito-Regular.svg]
[coderthemes.com/hyper/modern/assets/fonts/Nunito-SemiBoldd41d.eot]
[coderthemes.com/hyper/modern/assets/fonts/Nunito-SemiBold.woff]
[coderthemes.com/hyper/modern/assets/fonts/Nunito-SemiBold.ttf]
[coderthemes.com/hyper/modern/assets/fonts/Nunito-SemiBold.svg]
[coderthemes.com/hyper/modern/assets/fonts/Nunito-Bold.eot]
[coderthemes.com/hyper/modern/assets/fonts/Nunito-Boldd41d.eot]
[coderthemes.com/hyper/modern/assets/fonts/Nunito-Bold.woff]
[coderthemes.com/hyper/modern/assets/fonts/Nunito-Bold.ttf]
[coderthemes.com/hyper/modern/assets/images/bg-pattern.png]
[coderthemes.com/hyper/modern/assets/fonts/Nunito-Bold.svg]
[coderthemes.com/hyper/modern/assets/images/bg-pattern-light.svg]
[coderthemes.com/hyper/modern/assets/images/bg-auth.jpg]
[coderthemes.com/hyper/modern/assets/css/app-modern.min.css]
[coderthemes.com/hyper/modern/assets/images/bg-pattern-dark.png]
[coderthemes.com/hyper/modern/assets/css/app-modern-dark.min.css]
[coderthemes.com/hyper/modern/assets/css/vendor/jquery-jvectormap-1.2.2.css]
[coderthemes.com/hyper/modern/assets/js/vendor/jquery-jvectormap-1.2.2.min.js]
[coderthemes.com/hyper/modern/assets/js/vendor/apexcharts.min.js]
[coderthemes.com/hyper/modern/index.html]
[coderthemes.com/hyper/modern/assets/js/pages/demo.dashboard.js]
[coderthemes.com/hyper/modern/assets/js/vendor/jquery-jvectormap-world-mill-en.js]
[coderthemes.com/hyper/modern/assets/images/email-campaign.svg]
[coderthemes.com/hyper/modern/dashboard-analytics.html]
[coderthemes.com/hyper/modern/assets/js/pages/demo.dashboard-analytics.js]
[coderthemes.com/hyper/modern/assets/images/users/avatar-3.jpg]
[coderthemes.com/hyper/modern/assets/images/users/avatar-6.jpg]
[coderthemes.com/hyper/modern/assets/js/ui/component.todo.js]
[coderthemes.com/hyper/modern/dashboard-crm.html]
[coderthemes.com/hyper/modern/assets/js/pages/demo.dashboard-crm.js]
[coderthemes.com/hyper/modern/assets/js/vendor/Chart.bundle.min.js]
[coderthemes.com/hyper/modern/dashboard-projects.html]
[coderthemes.com/hyper/modern/assets/js/pages/demo.dashboard-projects.js]
[coderthemes.com/hyper/modern/assets/css/vendor/fullcalendar.min.css]
[coderthemes.com/hyper/modern/assets/js/vendor/jquery-ui.min.js]
[coderthemes.com/hyper/modern/assets/js/vendor/fullcalendar.min.js]
[coderthemes.com/hyper/modern/apps-calendar.html]
[coderthemes.com/hyper/modern/assets/js/pages/demo.calendar.js]
[coderthemes.com/hyper/modern/assets/images/users/avatar-7.jpg]
[coderthemes.com/hyper/modern/assets/images/users/avatar-10.jpg]
[coderthemes.com/hyper/modern/assets/images/users/avatar-8.jpg]
[coderthemes.com/hyper/modern/apps-chat.html]
[coderthemes.com/hyper/modern/assets/css/vendor/dataTables.bootstrap5.css]
[coderthemes.com/hyper/modern/assets/css/vendor/responsive.bootstrap5.css]
[coderthemes.com/hyper/modern/assets/images/products/product-4.jpg]
[coderthemes.com/hyper/modern/assets/images/products/product-6.jpg]
[coderthemes.com/hyper/modern/assets/js/vendor/jquery.dataTables.min.js]
[coderthemes.com/hyper/modern/assets/js/vendor/dataTables.bootstrap5.js]
[coderthemes.com/hyper/modern/assets/js/vendor/dataTables.responsive.min.js]
[coderthemes.com/hyper/modern/assets/js/vendor/responsive.bootstrap5.min.js]
[coderthemes.com/hyper/modern/assets/js/vendor/dataTables.checkboxes.min.js]
[coderthemes.com/hyper/modern/apps-ecommerce-products.html]
[coderthemes.com/hyper/modern/apps-ecommerce-products-details.html]
[coderthemes.com/hyper/modern/apps-ecommerce-orders.html]
[coderthemes.com/hyper/modern/apps-ecommerce-orders-details.html]
[coderthemes.com/hyper/modern/assets/js/pages/demo.products.js]
[coderthemes.com/hyper/modern/assets/images/users/avatar-9.jpg]
[coderthemes.com/hyper/modern/apps-ecommerce-customers.html]
[coderthemes.com/hyper/modern/assets/js/pages/demo.customers.js]
[coderthemes.com/hyper/modern/assets/images/payments/paypal.png]
[coderthemes.com/hyper/modern/assets/images/payments/master.png]
[coderthemes.com/hyper/modern/assets/images/payments/discover.png]
[coderthemes.com/hyper/modern/assets/images/payments/visa.png]
[coderthemes.com/hyper/modern/assets/images/payments/stripe.png]
[coderthemes.com/hyper/modern/assets/images/payments/payoneer.png]
[coderthemes.com/hyper/modern/assets/images/payments/cod.png]
[coderthemes.com/hyper/modern/apps-ecommerce-checkout.html]
[coderthemes.com/hyper/modern/apps-ecommerce-sellers.html]
[coderthemes.com/hyper/modern/assets/js/pages/demo.sellers.js]
[coderthemes.com/hyper/modern/assets/css/vendor/simplemde.min.css]
[coderthemes.com/hyper/modern/apps-email-inbox.html]
[coderthemes.com/hyper/modern/assets/js/pages/demo.inbox.js]
[coderthemes.com/hyper/modern/assets/js/vendor/simplemde.min.js]
[coderthemes.com/hyper/modern/apps-email-read.html]
[coderthemes.com/hyper/modern/assets/images/projects/project-1.jpg]
[coderthemes.com/hyper/modern/assets/images/projects/project-2.jpg]
[coderthemes.com/hyper/modern/assets/images/projects/project-3.jpg]
[coderthemes.com/hyper/modern/apps-projects-list.html]
[coderthemes.com/hyper/modern/assets/images/projects/project-4.jpg]
[coderthemes.com/hyper/modern/apps-projects-details.html]
[coderthemes.com/hyper/modern/assets/js/pages/demo.project-detail.js]
[coderthemes.com/hyper/modern/assets/css/vendor/frappe-gantt.css]
[coderthemes.com/hyper/modern/assets/js/vendor/frappe-gantt.min.js]
[coderthemes.com/hyper/modern/apps-projects-gantt.html]
[coderthemes.com/hyper/modern/assets/js/pages/demo.project-gantt.js]
[coderthemes.com/hyper/modern/assets/js/vendor/dropzone.min.js]
[coderthemes.com/hyper/modern/apps-projects-add.html]
[coderthemes.com/hyper/modern/assets/js/ui/component.fileupload.js]
[coderthemes.com/hyper/modern/assets/images/small/small-4.jpg]
[coderthemes.com/hyper/modern/assets/images/small/small-2.jpg]
[coderthemes.com/hyper/modern/apps-social-feed.html]
[coderthemes.com/hyper/modern/assets/images/small/small-3.jpg]
[coderthemes.com/hyper/modern/assets/css/vendor/quill.bubble.css]
[coderthemes.com/hyper/modern/assets/css/vendor/quill.core.css]
[coderthemes.com/hyper/modern/assets/css/vendor/quill.snow.css]
[coderthemes.com/hyper/modern/apps-tasks.html]
[coderthemes.com/hyper/modern/apps-tasks-details.html]
[coderthemes.com/hyper/modern/assets/js/vendor/quill.min.js]
[coderthemes.com/hyper/modern/assets/js/vendor/dragula.min.js]
[coderthemes.com/hyper/modern/apps-kanban.html]
[coderthemes.com/hyper/modern/apps-file-manager.html]
[coderthemes.com/hyper/modern/assets/js/ui/component.dragula.js]
[coderthemes.com/hyper/modern/pages-profile.html]
[coderthemes.com/hyper/modern/assets/js/pages/demo.profile.js]
[coderthemes.com/hyper/modern/assets/images/small/small-1.jpg]
[coderthemes.com/hyper/modern/pages-profile-2.html]
[coderthemes.com/hyper/modern/assets/images/barcode.png]
[coderthemes.com/hyper/modern/pages-invoice.html]
[coderthemes.com/hyper/modern/pages-faq.html]
[coderthemes.com/hyper/modern/pages-pricing.html]
[coderthemes.com/hyper/modern/pages-maintenance.html]
[coderthemes.com/hyper/modern/assets/images/maintenance.svg]
[coderthemes.com/hyper/modern/assets/images/logo.png]
[coderthemes.com/hyper/modern/pages-login.html]
[coderthemes.com/hyper/modern/assets/images/logo-dark.png]
[coderthemes.com/hyper/modern/pages-login-2.html]
[coderthemes.com/hyper/modern/pages-register.html]
[coderthemes.com/hyper/modern/pages-register-2.html]
[coderthemes.com/hyper/modern/pages-logout.html]
[coderthemes.com/hyper/modern/pages-logout-2.html]
[coderthemes.com/hyper/modern/pages-recoverpw.html]
[coderthemes.com/hyper/modern/pages-recoverpw-2.html]
[coderthemes.com/hyper/modern/pages-lock-screen.html]
[coderthemes.com/hyper/modern/pages-lock-screen-2.html]
[coderthemes.com/hyper/modern/pages-confirm-mail.html]
[coderthemes.com/hyper/modern/pages-confirm-mail-2.html]
[coderthemes.com/hyper/modern/pages-404.html]
[coderthemes.com/hyper/modern/assets/images/mail_sent.svg]
[coderthemes.com/hyper/modern/pages-404-alt.html]
[coderthemes.com/hyper/modern/assets/images/file-searching.svg]
[coderthemes.com/hyper/modern/pages-500.html]
[coderthemes.com/hyper/modern/pages-starter.html]
[coderthemes.com/hyper/modern/pages-preloader.html]
[coderthemes.com/hyper/modern/pages-timeline.html]
[coderthemes.com/hyper/modern/assets/images/startman.svg]
[coderthemes.com/hyper/modern/assets/images/startup.svg]
[coderthemes.com/hyper/modern/assets/images/layouts/layout-1.png]
[coderthemes.com/hyper/modern/assets/images/layouts/layout-2.png]
[coderthemes.com/hyper/modern/assets/images/layouts/layout-3.png]
[coderthemes.com/hyper/modern/assets/images/layouts/layout-5.png]
[coderthemes.com/hyper/modern/assets/images/layouts/layout-6.png]
[coderthemes.com/hyper/modern/assets/images/layouts/layout-4.png]
[coderthemes.com/hyper/modern/assets/images/features-1.svg]
[coderthemes.com/hyper/modern/landing.html]
[coderthemes.com/hyper/modern/assets/images/features-2.svg]
[coderthemes.com/hyper/modern/assets/images/logo_sm_dark.png]
[coderthemes.com/hyper/modern/layouts-horizontal.html]
[coderthemes.com/hyper/modern/layouts-vertical.html]
[coderthemes.com/hyper/modern/ui-accordions.html]
[coderthemes.com/hyper/modern/ui-alerts.html]
[coderthemes.com/hyper/modern/ui-avatars.html]
[coderthemes.com/hyper/modern/ui-badges.html]
[coderthemes.com/hyper/modern/ui-breadcrumb.html]
[coderthemes.com/hyper/modern/ui-buttons.html]
[coderthemes.com/hyper/modern/ui-cards.html]
[coderthemes.com/hyper/modern/ui-carousel.html]
[coderthemes.com/hyper/modern/ui-dropdowns.html]
[coderthemes.com/hyper/modern/ui-embed-video.html]
[coderthemes.com/hyper/modern/ui-grid.html]
[coderthemes.com/hyper/modern/ui-list-group.html]
[coderthemes.com/hyper/modern/ui-modals.html]
[coderthemes.com/hyper/modern/ui-notifications.html]
[coderthemes.com/hyper/modern/ui-offcanvas.html]
[coderthemes.com/hyper/modern/ui-placeholders.html]
[coderthemes.com/hyper/modern/ui-pagination.html]
[coderthemes.com/hyper/modern/ui-popovers.html]
[coderthemes.com/hyper/modern/ui-progress.html]
[coderthemes.com/hyper/modern/ui-ribbons.html]
[coderthemes.com/hyper/modern/ui-spinners.html]
[coderthemes.com/hyper/modern/ui-tabs.html]
[coderthemes.com/hyper/modern/ui-tooltips.html]
[coderthemes.com/hyper/modern/ui-typography.html]
[coderthemes.com/hyper/modern/extended-dragula.html]
[coderthemes.com/hyper/modern/assets/js/pages/demo.toastr.js]
[coderthemes.com/hyper/modern/assets/js/vendor/ion.rangeSlider.min.js]
[coderthemes.com/hyper/modern/extended-range-slider.html]
[coderthemes.com/hyper/modern/assets/js/ui/component.range-slider.js]
[coderthemes.com/hyper/modern/assets/js/vendor/jquery.rateit.min.js]
[coderthemes.com/hyper/modern/extended-ratings.html]
[coderthemes.com/hyper/modern/extended-scrollbar.html]
[coderthemes.com/hyper/modern/extended-scrollspy.html]
[coderthemes.com/hyper/modern/assets/js/ui/component.rating.js]
[coderthemes.com/hyper/modern/assets/css/vendor/jstree.min.css]
[coderthemes.com/hyper/modern/assets/js/vendor/jstree.min.js]
[coderthemes.com/hyper/modern/extended-treeview.html]
[coderthemes.com/hyper/modern/assets/js/pages/demo.jstree.js]
[coderthemes.com/hyper/modern/assets/images/report.svg]
[coderthemes.com/hyper/modern/assets/js/ui/component.chat.js]
[coderthemes.com/hyper/modern/widgets.html]
[coderthemes.com/hyper/modern/icons-dripicons.html]
[coderthemes.com/hyper/modern/assets/js/pages/demo.widgets.js]
[coderthemes.com/hyper/modern/icons-mdi.html]
[coderthemes.com/hyper/modern/icons-unicons.html]
[coderthemes.com/hyper/modern/form-elements.html]
[coderthemes.com/hyper/modern/assets/js/vendor/handlebars.min.js]
[coderthemes.com/hyper/modern/assets/js/pages/demo.materialdesignicons.js]
[coderthemes.com/hyper/modern/assets/js/vendor/typeahead.bundle.min.js]
[coderthemes.com/hyper/modern/assets/js/pages/demo.typehead.js]
[coderthemes.com/hyper/modern/form-advanced.html]
[coderthemes.com/hyper/modern/form-validation.html]
[coderthemes.com/hyper/modern/assets/js/pages/demo.timepicker.js]
[coderthemes.com/hyper/modern/form-wizard.html]
[coderthemes.com/hyper/modern/form-fileuploads.html]
[coderthemes.com/hyper/modern/assets/js/pages/demo.form-wizard.js]
[coderthemes.com/hyper/modern/assets/js/pages/demo.quilljs.js]
[coderthemes.com/hyper/modern/form-editors.html]
[coderthemes.com/hyper/modern/assets/js/pages/demo.simplemde.js]
[coderthemes.com/hyper/modern/charts-apex-area.html]
[coderthemes.com/hyper/modern/assets/js/pages/demo.apex-area.js]
[coderthemes.com/hyper/modern/charts-apex-bar.html]
[coderthemes.com/hyper/modern/assets/js/pages/demo.apex-bar.js]
[coderthemes.com/hyper/modern/charts-apex-bubble.html]
[coderthemes.com/hyper/modern/assets/js/pages/demo.apex-bubble.js]
[coderthemes.com/hyper/modern/charts-apex-candlestick.html]
[coderthemes.com/hyper/modern/assets/js/pages/demo.apex-candlestick.js]
[coderthemes.com/hyper/modern/charts-apex-column.html]
[coderthemes.com/hyper/modern/assets/js/pages/demo.apex-column.js]
[coderthemes.com/hyper/modern/charts-apex-heatmap.html]
[coderthemes.com/hyper/modern/assets/js/pages/demo.apex-heatmap.js]
[coderthemes.com/hyper/modern/charts-apex-line.html]
[coderthemes.com/hyper/modern/assets/js/pages/demo.apex-line.js]
[coderthemes.com/hyper/modern/charts-apex-mixed.html]
[coderthemes.com/hyper/modern/assets/js/pages/demo.apex-mixed.js]
[coderthemes.com/hyper/modern/charts-apex-pie.html]
[coderthemes.com/hyper/modern/assets/js/pages/demo.apex-pie.js]
[coderthemes.com/hyper/modern/charts-apex-radar.html]
[coderthemes.com/hyper/modern/assets/js/pages/demo.apex-radar.js]
[coderthemes.com/hyper/modern/charts-apex-radialbar.html]
[coderthemes.com/hyper/modern/assets/js/pages/demo.apex-radialbar.js]
[coderthemes.com/hyper/modern/charts-apex-scatter.html]
[coderthemes.com/hyper/modern/assets/js/pages/demo.apex-scatter.js]
[coderthemes.com/hyper/modern/charts-apex-sparklines.html]
[coderthemes.com/hyper/modern/assets/js/pages/demo.apex-sparklines.js]
[coderthemes.com/hyper/modern/assets/css/vendor/britecharts.min.css]
[coderthemes.com/hyper/modern/assets/js/vendor/d3.min.js]
[coderthemes.com/hyper/modern/charts-brite.html]
[coderthemes.com/hyper/modern/assets/js/pages/demo.britechart.js]
[coderthemes.com/hyper/modern/assets/js/vendor/britecharts.min.js]
[coderthemes.com/hyper/modern/charts-chartjs.html]
[coderthemes.com/hyper/modern/assets/js/pages/demo.chartjs.js]
[coderthemes.com/hyper/modern/assets/js/vendor/jquery.sparkline.min.js]
[coderthemes.com/hyper/modern/charts-sparkline.html]
[coderthemes.com/hyper/modern/tables-basic.html]
[coderthemes.com/hyper/modern/assets/js/pages/demo.sparkline.js]
[coderthemes.com/hyper/modern/assets/css/vendor/buttons.bootstrap5.css]
[coderthemes.com/hyper/modern/assets/css/vendor/select.bootstrap5.css]
[coderthemes.com/hyper/modern/assets/js/vendor/dataTables.buttons.min.js]
[coderthemes.com/hyper/modern/assets/js/vendor/buttons.bootstrap5.min.js]
[coderthemes.com/hyper/modern/assets/js/vendor/buttons.html5.min.js]
[coderthemes.com/hyper/modern/assets/js/vendor/buttons.flash.min.js]
[coderthemes.com/hyper/modern/assets/js/vendor/buttons.print.min.js]
[coderthemes.com/hyper/modern/assets/js/vendor/dataTables.keyTable.min.js]
[coderthemes.com/hyper/modern/assets/js/vendor/dataTables.select.min.js]
[coderthemes.com/hyper/modern/tables-datatable.html]
[coderthemes.com/hyper/modern/assets/js/pages/demo.datatable-init.js]
[coderthemes.com/hyper/modern/assets/js/vendor/gmaps.min.js]
[coderthemes.com/hyper/modern/maps-google.html]
[coderthemes.com/hyper/modern/assets/js/pages/demo.google-maps.js]
[coderthemes.com/hyper/modern/assets/js/vendor/jquery-jvectormap-us-merc-en.js]
[coderthemes.com/hyper/modern/assets/js/vendor/jquery-jvectormap-in-mill-en.js]
[coderthemes.com/hyper/modern/assets/js/vendor/jquery-jvectormap-au-mill-en.js]
[coderthemes.com/hyper/modern/assets/js/vendor/jquery-jvectormap-us-il-chicago-mill-en.js]
[coderthemes.com/hyper/modern/assets/js/vendor/jquery-jvectormap-uk-mill-en.js]
[coderthemes.com/hyper/modern/assets/js/vendor/jquery-jvectormap-ca-lcc-en.js]
[coderthemes.com/hyper/modern/assets/js/vendor/jquery-jvectormap-europe-mill-en.js]
[coderthemes.com/hyper/modern/assets/js/vendor/jquery-jvectormap-fr-merc-en.js]
[coderthemes.com/hyper/modern/assets/js/vendor/jquery-jvectormap-es-merc.js]
[coderthemes.com/hyper/modern/assets/js/vendor/jquery-jvectormap-es-mill.js]
[coderthemes.com/hyper/modern/maps-vector.html]
[coderthemes.com/hyper/modern/assets/images/help-icon.svg]
[coderthemes.com/hyper/modern/assets/js/vendor.min.js]
[coderthemes.com/hyper/modern/assets/js/pages/demo.vector-maps.js]
[coderthemes.com/hyper/modern/assets/js/app.min.js]
[coderthemes.com/hyper/modern/assets/fontsunicons8adf.html]
[coderthemes.com/hyper/modern/assets/fonts/unicons8adf.svg]
[coderthemes.com/hyper/modern/assets/fonts/dripicons-v2.svg]
[coderthemes.com/hyper/modern/assets/fonts/Nunito-Light.svg]
[coderthemes.com/hyper/modern/assets/fonts/Nunito-Regular.svg]
[coderthemes.com/hyper/modern/assets/fonts/Nunito-SemiBold.svg]
[coderthemes.com/hyper/modern/assets/fonts/Nunito-Bold.svg]
[coderthemes.com/hyper/modern/assets/images/bg-pattern-light.svg]
[coderthemes.com/hyper/modern/assets/css/vendor/jquery-jvectormap-1.2.2.css]
[coderthemes.com/hyper/modern/assets/js/vendor/apexcharts.min.js]
[coderthemes.com/hyper/modern/assets/js/vendor/jquery-jvectormap-1.2.2.min.js]
[coderthemes.com/hyper/modern/assets/js/vendor/jquery-jvectormap-world-mill-en.js]
[coderthemes.com/hyper/modern/assets/js/pages/demo.dashboard.js]
[coderthemes.com/hyper/modern/assets/images/email-campaign.svg]
[coderthemes.com/hyper/modern/assets/js/pages/demo.dashboard-analytics.js]
[coderthemes.com/hyper/modern/assets/js/ui/component.todo.js]
[coderthemes.com/hyper/modern/assets/js/pages/demo.dashboard-crm.js]
[coderthemes.com/hyper/modern/assets/js/vendor/Chart.bundle.min.js]
[coderthemes.com/hyper/modern/assets/js/pages/demo.dashboard-projects.js]
[coderthemes.com/hyper/modern/assets/css/vendor/fullcalendar.min.css]
[coderthemes.com/hyper/modern/assets/js/vendor/jquery-ui.min.js]
[coderthemes.com/hyper/modern/assets/js/vendor/fullcalendar.min.js]
[coderthemes.com/hyper/modern/assets/js/pages/demo.calendar.js]
[coderthemes.com/hyper/modern/assets/css/vendor/dataTables.bootstrap5.css]
[coderthemes.com/hyper/modern/assets/css/vendor/responsive.bootstrap5.css]
[coderthemes.com/hyper/modern/assets/js/vendor/jquery.dataTables.min.js]
[coderthemes.com/hyper/modern/assets/js/vendor/dataTables.bootstrap5.js]
[coderthemes.com/hyper/modern/assets/js/vendor/dataTables.responsive.min.js]
[coderthemes.com/hyper/modern/assets/js/vendor/responsive.bootstrap5.min.js]
[coderthemes.com/hyper/modern/assets/js/vendor/dataTables.checkboxes.min.js]
[coderthemes.com/hyper/modern/assets/js/pages/demo.products.js]
[coderthemes.com/hyper/modern/assets/js/pages/demo.customers.js]
[coderthemes.com/hyper/modern/assets/js/pages/demo.sellers.js]
[coderthemes.com/hyper/modern/assets/css/vendor/simplemde.min.css]
[coderthemes.com/hyper/modern/assets/js/vendor/simplemde.min.js]
[coderthemes.com/hyper/modern/assets/js/pages/demo.inbox.js]
[coderthemes.com/hyper/modern/assets/js/pages/demo.project-detail.js]
[coderthemes.com/hyper/modern/assets/css/vendor/frappe-gantt.css]
[coderthemes.com/hyper/modern/assets/js/vendor/frappe-gantt.min.js]
[coderthemes.com/hyper/modern/assets/js/pages/demo.project-gantt.js]
[coderthemes.com/hyper/modern/assets/js/vendor/dropzone.min.js]
[coderthemes.com/hyper/modern/assets/js/ui/component.fileupload.js]
[coderthemes.com/hyper/modern/assets/css/vendor/quill.bubble.css]
[coderthemes.com/hyper/modern/assets/css/vendor/quill.core.css]
[coderthemes.com/hyper/modern/assets/css/vendor/quill.snow.css]
[coderthemes.com/hyper/modern/assets/js/vendor/quill.min.js]
[coderthemes.com/hyper/modern/assets/js/pages/demo.tasks.js]
[coderthemes.com/hyper/modern/assets/js/vendor/dragula.min.js]
[coderthemes.com/hyper/modern/assets/js/ui/component.dragula.js]
[coderthemes.com/hyper/modern/assets/js/pages/demo.profile.js]
[coderthemes.com/hyper/modern/assets/images/maintenance.svg]
[coderthemes.com/hyper/modern/assets/images/mail_sent.svg]
[coderthemes.com/hyper/modern/assets/images/file-searching.svg]
[coderthemes.com/hyper/modern/assets/images/startman.svg]
[coderthemes.com/hyper/modern/assets/images/startup.svg]
[coderthemes.com/hyper/modern/assets/images/features-1.svg]
[coderthemes.com/hyper/modern/assets/images/features-2.svg]
[coderthemes.com/hyper/modern/assets/js/pages/demo.toastr.js]
[coderthemes.com/hyper/modern/assets/js/vendor/ion.rangeSlider.min.js]
[coderthemes.com/hyper/modern/assets/js/ui/component.range-slider.js]
[coderthemes.com/hyper/modern/assets/js/vendor/jquery.rateit.min.js]
[coderthemes.com/hyper/modern/assets/js/ui/component.rating.js]
[coderthemes.com/hyper/modern/assets/css/vendor/32px.png]
[coderthemes.com/hyper/modern/assets/css/vendor/throbber.gif]
[coderthemes.com/hyper/modern/assets/css/vendor/jstree.min.css]
[coderthemes.com/hyper/modern/assets/js/vendor/jstree.min.js]
[coderthemes.com/hyper/modern/assets/js/pages/demo.jstree.js]
[coderthemes.com/hyper/modern/assets/images/report.svg]
[coderthemes.com/hyper/modern/assets/js/ui/component.chat.js]
[coderthemes.com/hyper/modern/assets/js/pages/demo.widgets.js]
[coderthemes.com/hyper/modern/assets/js/pages/demo.materialdesignicons.js]
[coderthemes.com/hyper/modern/assets/js/vendor/handlebars.min.js]
[coderthemes.com/hyper/modern/assets/js/vendor/typeahead.bundle.min.js]
[coderthemes.com/hyper/modern/assets/js/pages/demo.typehead.js]
[coderthemes.com/hyper/modern/assets/js/pages/demo.timepicker.js]
[coderthemes.com/hyper/modern/assets/js/pages/demo.form-wizard.js]
[coderthemes.com/hyper/modern/assets/js/pages/demo.quilljs.js]
[coderthemes.com/hyper/modern/assets/js/pages/demo.simplemde.js]
[coderthemes.com/hyper/modern/assets/js/pages/demo.apex-area.js]
[coderthemes.com/hyper/modern/assets/js/pages/demo.apex-bar.js]
[coderthemes.com/hyper/modern/assets/js/pages/demo.apex-bubble.js]
[coderthemes.com/hyper/modern/assets/js/pages/demo.apex-candlestick.js]
[coderthemes.com/hyper/modern/assets/js/pages/demo.apex-column.js]
[coderthemes.com/hyper/modern/assets/js/pages/demo.apex-heatmap.js]
[coderthemes.com/hyper/modern/assets/js/pages/demo.apex-line.js]
[coderthemes.com/hyper/modern/assets/js/pages/demo.apex-mixed.js]
[coderthemes.com/hyper/modern/assets/js/pages/demo.apex-pie.js]
[coderthemes.com/hyper/modern/assets/js/pages/demo.apex-radar.js]
[coderthemes.com/hyper/modern/assets/js/pages/demo.apex-radialbar.js]
[coderthemes.com/hyper/modern/assets/js/pages/demo.apex-scatter.js]
[coderthemes.com/hyper/modern/assets/js/pages/demo.apex-sparklines.js]
[coderthemes.com/hyper/modern/assets/css/vendor/britecharts.min.css]
[coderthemes.com/hyper/modern/assets/js/vendor/d3.min.js]
[coderthemes.com/hyper/modern/assets/js/vendor/britecharts.min.js]
[coderthemes.com/hyper/modern/assets/js/pages/demo.britechart.js]
[coderthemes.com/hyper/modern/assets/js/pages/demo.chartjs.js]
[coderthemes.com/hyper/modern/assets/js/vendor/jquery.sparkline.min.js]
[coderthemes.com/hyper/modern/assets/js/pages/demo.sparkline.js]
[coderthemes.com/hyper/modern/assets/css/vendor/buttons.bootstrap5.css]
[coderthemes.com/hyper/modern/assets/css/vendor/select.bootstrap5.css]
[coderthemes.com/hyper/modern/assets/js/vendor/dataTables.buttons.min.js]
[coderthemes.com/hyper/modern/assets/js/vendor/buttons.bootstrap5.min.js]
[coderthemes.com/hyper/modern/assets/js/vendor/buttons.html5.min.js]
[coderthemes.com/hyper/modern/assets/js/vendor/buttons.flash.min.js]
[coderthemes.com/hyper/modern/assets/js/vendor/buttons.print.min.js]
[coderthemes.com/hyper/modern/assets/js/vendor/dataTables.keyTable.min.js]
[coderthemes.com/hyper/modern/assets/js/vendor/dataTables.select.min.js]
[coderthemes.com/hyper/modern/assets/js/pages/demo.datatable-init.js]
[coderthemes.com/hyper/modern/assets/js/vendor/gmaps.min.js]
[coderthemes.com/hyper/modern/assets/js/pages/demo.google-maps.js]
[coderthemes.com/hyper/modern/assets/js/vendor/jquery-jvectormap-us-merc-en.js]
[coderthemes.com/hyper/modern/assets/js/vendor/jquery-jvectormap-in-mill-en.js]
[coderthemes.com/hyper/modern/assets/js/vendor/jquery-jvectormap-au-mill-en.js]
[coderthemes.com/hyper/modern/assets/js/vendor/jquery-jvectormap-us-il-chicago-mill-en.js]
[coderthemes.com/hyper/modern/assets/js/vendor/jquery-jvectormap-uk-mill-en.js]
[coderthemes.com/hyper/modern/assets/js/vendor/jquery-jvectormap-ca-lcc-en.js]
[coderthemes.com/hyper/modern/assets/js/vendor/jquery-jvectormap-europe-mill-en.js]
[coderthemes.com/hyper/modern/assets/js/vendor/jquery-jvectormap-fr-merc-en.js]
[coderthemes.com/hyper/modern/assets/js/vendor/jquery-jvectormap-es-merc.js]
[coderthemes.com/hyper/modern/assets/js/vendor/jquery-jvectormap-es-mill.js]
[coderthemes.com/hyper/modern/assets/js/pages/demo.vector-maps.js]
[coderthemes.com/hyper/modern/true/index.html]
[coderthemes.com/hyper/modern/isDSTShifted is deprecated. See http_/momentjs.com/guides/index.html]
[coderthemes.com/hyper/modern/rtl.min.html]
[coderthemes.com/hyper/modern/ABCDEFGHIJKLMNOPQRSTUVWXYZabcdefghijklmnopqrstuvwxyz0123456789+/index.html]
[coderthemes.com/hyper/modern/GET.html]
[coderthemes.com/hyper/modern/codemirror/addon/edit/continuelist.html]
[coderthemes.com/hyper/modern/codemirror/addon/display/fullscreen.html]
[coderthemes.com/hyper/modern/codemirror/mode/markdown/markdown.html]
[coderthemes.com/hyper/modern/codemirror/addon/mode/overlay.html]
[coderthemes.com/hyper/modern/codemirror/addon/display/placeholder.html]
[coderthemes.com/hyper/modern/codemirror/addon/selection/mark-selection.html]
[coderthemes.com/hyper/modern/codemirror/mode/gfm/gfm.html]
[coderthemes.com/hyper/modern/codemirror/mode/xml/xml.html]
[coderthemes.com/hyper/modern/blots/index.html]
[coderthemes.com/hyper/modern/formats/index.html]
[coderthemes.com/hyper/modern/assets/css/vendor/40px.html]
[coderthemes.com/hyper/modern/typeahead.html]
[coderthemes.com/hyper/modern/Data needs to have a dataByTopic or data property. See more in http_/britecharts.github.io/britecharts/global.html]
[coderthemes.com/hyper/modern/xl/worksheets/sheet1.html]
[coderthemes.com/hyper/modern/xl/workbook.html]
[coderthemes.com/hyper/modern/xl/styles.html]
[coderthemes.com/hyper/modern/[Content_Types].html]
[coderthemes.com/hyper/modern/buttons.html]
