[wrraptheme.com/templates/compass/html/ec-product.html]
[backblue.gif]
[fade.gif]
[index.html]
[wrraptheme.com/templates/compass/html/favicon.ico]
[wrraptheme.com/templates/compass/html/index.html]
[wrraptheme.com/templates/compass/html/sign-in.html]
[wrraptheme.com/templates/compass/html/profile.html]
[wrraptheme.com/templates/compass/html/assets/images/profile_av.jpg]
[wrraptheme.com/templates/compass/html/events.html]
[wrraptheme.com/templates/compass/html/mail-inbox.html]
[wrraptheme.com/templates/compass/html/contact.html]
[wrraptheme.com/templates/compass/html/chat.html]
[wrraptheme.com/templates/compass/html/dashboard-rtl.html]
[wrraptheme.com/templates/compass/html/index2.html]
[wrraptheme.com/templates/compass/html/ec-dashboard.html]
[wrraptheme.com/templates/compass/html/blog-dashboard.html]
[wrraptheme.com/templates/compass/html/file-dashboard.html]
[wrraptheme.com/templates/compass/html/ui_kit.html]
[wrraptheme.com/templates/compass/html/alerts.html]
[wrraptheme.com/templates/compass/html/collapse.html]
[wrraptheme.com/templates/compass/html/colors.html]
[wrraptheme.com/templates/compass/html/dialogs.html]
[wrraptheme.com/templates/compass/html/icons.html]
[wrraptheme.com/templates/compass/html/list-group.html]
[wrraptheme.com/templates/compass/html/media-object.html]
[wrraptheme.com/templates/compass/html/modals.html]
[wrraptheme.com/templates/compass/html/notifications.html]
[wrraptheme.com/templates/compass/html/progressbars.html]
[wrraptheme.com/templates/compass/html/range-sliders.html]
[wrraptheme.com/templates/compass/html/sortable-nestable.html]
[wrraptheme.com/templates/compass/html/tabs.html]
[wrraptheme.com/templates/compass/html/waves.html]
[wrraptheme.com/templates/compass/html/basic-form-elements.html]
[wrraptheme.com/templates/compass/html/advanced-form-elements.html]
[wrraptheme.com/templates/compass/html/form-examples.html]
[wrraptheme.com/templates/compass/html/form-validation.html]
[wrraptheme.com/templates/compass/html/form-wizard.html]
[wrraptheme.com/templates/compass/html/form-editors.html]
[wrraptheme.com/templates/compass/html/form-upload.html]
[wrraptheme.com/templates/compass/html/normal-tables.html]
[wrraptheme.com/templates/compass/html/jquery-datatable.html]
[wrraptheme.com/templates/compass/html/editable-table.html]
[wrraptheme.com/templates/compass/html/footable.html]
[wrraptheme.com/templates/compass/html/table-color.html]
[wrraptheme.com/templates/compass/html/morris.html]
[wrraptheme.com/templates/compass/html/flot.html]
[wrraptheme.com/templates/compass/html/chartjs.html]
[wrraptheme.com/templates/compass/html/sparkline.html]
[wrraptheme.com/templates/compass/html/jquery-knob.html]
[wrraptheme.com/templates/compass/html/ec-product-List.html]
[wrraptheme.com/templates/compass/html/ec-product-detail.html]
[wrraptheme.com/templates/compass/html/widgets-app.html]
[wrraptheme.com/templates/compass/html/widgets-data.html]
[wrraptheme.com/templates/compass/html/sign-up.html]
[wrraptheme.com/templates/compass/html/forgot-password.html]
[wrraptheme.com/templates/compass/html/404.html]
[wrraptheme.com/templates/compass/html/500.html]
[wrraptheme.com/templates/compass/html/page-offline.html]
[wrraptheme.com/templates/compass/html/locked.html]
[wrraptheme.com/templates/compass/html/blank.html]
[wrraptheme.com/templates/compass/html/image-gallery.html]
[wrraptheme.com/templates/compass/html/timeline.html]
[wrraptheme.com/templates/compass/html/pricing.html]
[wrraptheme.com/templates/compass/html/invoices.html]
[wrraptheme.com/templates/compass/html/search-results.html]
[wrraptheme.com/templates/compass/html/google.html]
[wrraptheme.com/templates/compass/html/yandex.html]
[wrraptheme.com/templates/compass/html/jvectormap.html]
[wrraptheme.com/templates/compass/html/assets/images/xs/avatar4.jpg]
[wrraptheme.com/templates/compass/html/assets/images/xs/avatar5.jpg]
[wrraptheme.com/templates/compass/html/assets/images/xs/avatar2.jpg]
[wrraptheme.com/templates/compass/html/assets/images/xs/avatar1.jpg]
[wrraptheme.com/templates/compass/html/assets/images/xs/avatar3.jpg]
[wrraptheme.com/templates/compass/html/assets/images/xs/avatar10.jpg]
[wrraptheme.com/templates/compass/html/assets/images/xs/avatar6.jpg]
[wrraptheme.com/templates/compass/html/assets/images/xs/avatar7.jpg]
[wrraptheme.com/templates/compass/html/assets/images/xs/avatar8.jpg]
[wrraptheme.com/templates/compass/html/assets/images/xs/avatar9.jpg]
[wrraptheme.com/templates/compass/html/assets/images/ecommerce/1.png]
[wrraptheme.com/templates/compass/html/assets/images/ecommerce/15.png]
[wrraptheme.com/templates/compass/html/assets/images/ecommerce/13.png]
[wrraptheme.com/templates/compass/html/assets/images/ecommerce/4.png]
[wrraptheme.com/templates/compass/html/assets/images/ecommerce/5.png]
[wrraptheme.com/templates/compass/html/assets/images/ecommerce/14.png]
[wrraptheme.com/templates/compass/html/assets/images/ecommerce/7.png]
[wrraptheme.com/templates/compass/html/assets/images/ecommerce/8.png]
[wrraptheme.com/templates/compass/html/assets/images/ecommerce/9.png]
[wrraptheme.com/templates/compass/html/assets/images/ecommerce/10.png]
[wrraptheme.com/templates/compass/html/assets/images/ecommerce/11.png]
[wrraptheme.com/templates/compass/html/assets/images/ecommerce/12.png]
[wrraptheme.com/templates/compass/html/assets/bundles/libscripts.bundle.js]
[wrraptheme.com/templates/compass/html/assets/bundles/vendorscripts.bundle.js]
[wrraptheme.com/templates/compass/html/assets/bundles/mainscripts.bundle.js]
[wrraptheme.com/templates/compass/html/ec-product.html]
[wrraptheme.com/templates/compass/html/assets/plugins/bootstrap/css/bootstrap.min.css]
[wrraptheme.com/templates/compass/html/assets/fonts/nucleo-outline.eot]
[wrraptheme.com/templates/compass/html/assets/fonts/nucleo-outline.woff2]
[wrraptheme.com/templates/compass/html/assets/fonts/nucleo-outline.woff]
[wrraptheme.com/templates/compass/html/assets/fonts/nucleo-outline.ttf]
[wrraptheme.com/templates/compass/html/assets/fonts/Material-Design-Iconic-Fontd1f1.woff2]
[wrraptheme.com/templates/compass/html/assets/fonts/Material-Design-Iconic-Fontd1f1.woff]
[wrraptheme.com/templates/compass/html/assets/fonts/Material-Design-Iconic-Fontd1f1.ttf]
[wrraptheme.com/templates/compass/html/assets/css/main.css]
[wrraptheme.com/templates/compass/html/assets/css/ecommerce.css]
[wrraptheme.com/templates/compass/html/assets/css/color_skins.css]
[wrraptheme.com/templates/compass/html/assets/images/logo.svg]
[wrraptheme.com/templates/compass/html/assets/bundles/morrisscripts.bundle.js]
[wrraptheme.com/templates/compass/html/assets/bundles/jvectormap.bundle.js]
[wrraptheme.com/templates/compass/html/assets/bundles/knob.bundle.js]
[wrraptheme.com/templates/compass/html/assets/bundles/sparkline.bundle.js]
[wrraptheme.com/templates/compass/html/assets/js/pages/index.js]
[wrraptheme.com/templates/compass/html/index.html]
[wrraptheme.com/templates/compass/html/assets/images/login.jpg]
[wrraptheme.com/templates/compass/html/sign-in.html]
[wrraptheme.com/templates/compass/html/assets/images/sm/avatar1.jpg]
[wrraptheme.com/templates/compass/html/assets/images/sm/avatar2.jpg]
[wrraptheme.com/templates/compass/html/assets/images/sm/avatar3.jpg]
[wrraptheme.com/templates/compass/html/assets/images/sm/avatar4.jpg]
[wrraptheme.com/templates/compass/html/assets/images/sm/avatar5.jpg]
[wrraptheme.com/templates/compass/html/assets/images/image2.jpg]
[wrraptheme.com/templates/compass/html/assets/images/image3.jpg]
[wrraptheme.com/templates/compass/html/assets/images/image1.jpg]
[wrraptheme.com/templates/compass/html/assets/images/image4.jpg]
[wrraptheme.com/templates/compass/html/assets/js/pages/charts/jquery-knob.js]
[wrraptheme.com/templates/compass/html/profile.html]
[wrraptheme.com/templates/compass/html/assets/bundles/fullcalendarscripts.bundle.js]
[wrraptheme.com/templates/compass/html/assets/js/pages/calendar/calendar.js]
[wrraptheme.com/templates/compass/html/events.html]
[wrraptheme.com/templates/compass/html/mail-compose.html]
[wrraptheme.com/templates/compass/html/mail-single.html]
[wrraptheme.com/templates/compass/html/mail-inbox.html]
[wrraptheme.com/templates/compass/html/assets/images/lg/avatar3.jpg]
[wrraptheme.com/templates/compass/html/assets/images/lg/avatar1.jpg]
[wrraptheme.com/templates/compass/html/assets/images/lg/avatar4.jpg]
[wrraptheme.com/templates/compass/html/assets/images/lg/avatar6.jpg]
[wrraptheme.com/templates/compass/html/assets/images/lg/avatar5.jpg]
[wrraptheme.com/templates/compass/html/assets/images/lg/avatar2.jpg]
[wrraptheme.com/templates/compass/html/assets/bundles/footable.bundle.js]
[wrraptheme.com/templates/compass/html/assets/js/pages/tables/footable.js]
[wrraptheme.com/templates/compass/html/contact.html]
[wrraptheme.com/templates/compass/html/chat.html]
[wrraptheme.com/templates/compass/html/assets/plugins/chartjs/Chart.bundle.min.js]
[wrraptheme.com/templates/compass/html/assets/js/pages/charts/sparkline.js]
[wrraptheme.com/templates/compass/html/assets/js/pages/rtl.js]
[wrraptheme.com/templates/compass/html/dashboard-rtl.html]
[wrraptheme.com/templates/compass/html/agent-profile.html]
[wrraptheme.com/templates/compass/html/assets/bundles/countTo.bundle.js]
[wrraptheme.com/templates/compass/html/assets/js/pages/index2.js]
[wrraptheme.com/templates/compass/html/index2.html]
[wrraptheme.com/templates/compass/html/assets/bundles/flotscripts.bundle.js]
[wrraptheme.com/templates/compass/html/assets/js/pages/ecommerce.js]
[wrraptheme.com/templates/compass/html/assets/js/pages/charts/jquery-knob.min.js]
[wrraptheme.com/templates/compass/html/ec-dashboard.html]
[wrraptheme.com/templates/compass/html/blog-post.html]
[wrraptheme.com/templates/compass/html/blog-list.html]
[wrraptheme.com/templates/compass/html/blog-grid.html]
[wrraptheme.com/templates/compass/html/blog-details.html]
[wrraptheme.com/templates/compass/html/assets/images/sm/avatar6.jpg]
[wrraptheme.com/templates/compass/html/assets/plugins/jvectormap/jquery-jvectormap-us-aea-en.js]
[wrraptheme.com/templates/compass/html/assets/js/pages/blog/blog.js]
[wrraptheme.com/templates/compass/html/blog-dashboard.html]
[wrraptheme.com/templates/compass/html/file-documents.html]
[wrraptheme.com/templates/compass/html/file-media.html]
[wrraptheme.com/templates/compass/html/file-images.html]
[wrraptheme.com/templates/compass/html/assets/images/image-gallery/1.jpg]
[wrraptheme.com/templates/compass/html/assets/images/image-gallery/3.jpg]
[wrraptheme.com/templates/compass/html/assets/images/image-gallery/2.jpg]
[wrraptheme.com/templates/compass/html/assets/images/image-gallery/8.jpg]
[wrraptheme.com/templates/compass/html/file-dashboard.html]
[wrraptheme.com/templates/compass/html/ui_kit.html]
[wrraptheme.com/templates/compass/html/alerts.html]
[wrraptheme.com/templates/compass/html/collapse.html]
[wrraptheme.com/templates/compass/html/colors.html]
[wrraptheme.com/templates/compass/html/assets/plugins/sweetalert/sweetalert.min.js]
[wrraptheme.com/templates/compass/html/assets/js/pages/ui/dialogs.js]
[wrraptheme.com/templates/compass/html/dialogs.html]
[wrraptheme.com/templates/compass/html/icons.html]
[wrraptheme.com/templates/compass/html/list-group.html]
[wrraptheme.com/templates/compass/html/media-object.html]
[wrraptheme.com/templates/compass/html/modals.html]
[wrraptheme.com/templates/compass/html/assets/plugins/bootstrap-notify/bootstrap-notify.js]
[wrraptheme.com/templates/compass/html/assets/js/pages/ui/notifications.js]
[wrraptheme.com/templates/compass/html/notifications.html]
[wrraptheme.com/templates/compass/html/progressbars.html]
[wrraptheme.com/templates/compass/html/assets/plugins/ion-rangeslider/js/ion.rangeSlider.js]
[wrraptheme.com/templates/compass/html/assets/js/pages/ui/range-sliders.js]
[wrraptheme.com/templates/compass/html/range-sliders.html]
[wrraptheme.com/templates/compass/html/assets/plugins/nestable/jquery.nestable.js]
[wrraptheme.com/templates/compass/html/assets/js/pages/ui/sortable-nestable.js]
[wrraptheme.com/templates/compass/html/sortable-nestable.html]
[wrraptheme.com/templates/compass/html/tabs.html]
[wrraptheme.com/templates/compass/html/waves.html]
[wrraptheme.com/templates/compass/html/assets/plugins/momentjs/moment.js]
[wrraptheme.com/templates/compass/html/assets/plugins/bootstrap-material-datetimepicker/js/bootstrap-material-datetimepicker.js]
[wrraptheme.com/templates/compass/html/assets/js/pages/forms/basic-form-elements.js]
[wrraptheme.com/templates/compass/html/basic-form-elements.html]
[wrraptheme.com/templates/compass/html/assets/plugins/bootstrap-colorpicker/js/bootstrap-colorpicker.js]
[wrraptheme.com/templates/compass/html/assets/plugins/jquery-inputmask/jquery.inputmask.bundle.js]
[wrraptheme.com/templates/compass/html/assets/plugins/multi-select/js/jquery.multi-select.js]
[wrraptheme.com/templates/compass/html/assets/plugins/jquery-spinner/js/jquery.spinner.js]
[wrraptheme.com/templates/compass/html/assets/plugins/bootstrap-tagsinput/bootstrap-tagsinput.js]
[wrraptheme.com/templates/compass/html/assets/plugins/nouislider/nouislider.js]
[wrraptheme.com/templates/compass/html/assets/js/pages/forms/advanced-form-elements.js]
[wrraptheme.com/templates/compass/html/advanced-form-elements.html]
[wrraptheme.com/templates/compass/html/form-examples.html]
[wrraptheme.com/templates/compass/html/assets/plugins/jquery-validation/jquery.validate.js]
[wrraptheme.com/templates/compass/html/assets/plugins/jquery-steps/jquery.steps.js]
[wrraptheme.com/templates/compass/html/assets/js/pages/forms/form-validation.js]
[wrraptheme.com/templates/compass/html/form-validation.html]
[wrraptheme.com/templates/compass/html/assets/js/pages/forms/form-wizard.js]
[wrraptheme.com/templates/compass/html/form-wizard.html]
[wrraptheme.com/templates/compass/html/assets/plugins/ckeditor/ckeditor.js]
[wrraptheme.com/templates/compass/html/assets/js/pages/forms/editors.js]
[wrraptheme.com/templates/compass/html/form-editors.html]
[wrraptheme.com/templates/compass/html/assets/plugins/dropzone/dropzone.js]
[wrraptheme.com/templates/compass/html/form-upload.html]
[wrraptheme.com/templates/compass/html/normal-tables.html]
[wrraptheme.com/templates/compass/html/assets/bundles/datatablescripts.bundle.js]
[wrraptheme.com/templates/compass/html/assets/plugins/jquery-datatable/buttons/dataTables.buttons.min.js]
[wrraptheme.com/templates/compass/html/assets/plugins/jquery-datatable/buttons/buttons.bootstrap4.min.js]
[wrraptheme.com/templates/compass/html/assets/plugins/jquery-datatable/buttons/buttons.colVis.min.js]
[wrraptheme.com/templates/compass/html/assets/plugins/jquery-datatable/buttons/buttons.flash.min.js]
[wrraptheme.com/templates/compass/html/assets/plugins/jquery-datatable/buttons/buttons.html5.min.js]
[wrraptheme.com/templates/compass/html/assets/plugins/jquery-datatable/buttons/buttons.print.min.js]
[wrraptheme.com/templates/compass/html/assets/js/pages/tables/jquery-datatable.js]
[wrraptheme.com/templates/compass/html/jquery-datatable.html]
[wrraptheme.com/templates/compass/html/assets/plugins/editable-table/mindmup-editabletable.js]
[wrraptheme.com/templates/compass/html/assets/js/pages/tables/editable-table.js]
[wrraptheme.com/templates/compass/html/editable-table.html]
[wrraptheme.com/templates/compass/html/footable.html]
[wrraptheme.com/templates/compass/html/table-color.html]
[wrraptheme.com/templates/compass/html/assets/js/pages/charts/morris.js]
[wrraptheme.com/templates/compass/html/morris.html]
[wrraptheme.com/templates/compass/html/assets/js/pages/charts/flot.js]
[wrraptheme.com/templates/compass/html/flot.html]
[wrraptheme.com/templates/compass/html/assets/plugins/chartjs/Chart.bundle.js]
[wrraptheme.com/templates/compass/html/assets/plugins/chartjs/polar_area_chart.js]
[wrraptheme.com/templates/compass/html/assets/js/pages/charts/chartjs.js]
[wrraptheme.com/templates/compass/html/assets/js/pages/charts/polar_area_chart.js]
[wrraptheme.com/templates/compass/html/chartjs.html]
[wrraptheme.com/templates/compass/html/assets/plugins/jquery-sparkline/jquery.sparkline.js]
[wrraptheme.com/templates/compass/html/sparkline.html]
[wrraptheme.com/templates/compass/html/assets/plugins/jquery-knob/jquery.knob.min.js]
[wrraptheme.com/templates/compass/html/jquery-knob.html]
[wrraptheme.com/templates/compass/html/assets/images/ecommerce/6.png]
[wrraptheme.com/templates/compass/html/assets/images/ecommerce/2.png]
[wrraptheme.com/templates/compass/html/assets/images/ecommerce/3.png]
[wrraptheme.com/templates/compass/html/ec-product-List.html]
[wrraptheme.com/templates/compass/html/ec-product-detail.html]
[wrraptheme.com/templates/compass/html/assets/images/image-gallery/5.jpg]
[wrraptheme.com/templates/compass/html/assets/images/image-gallery/6.jpg]
[wrraptheme.com/templates/compass/html/assets/images/image-gallery/12.jpg]
[wrraptheme.com/templates/compass/html/widgets-app.html]
[wrraptheme.com/templates/compass/html/assets/js/pages/widgets/infobox/infobox-1.js]
[wrraptheme.com/templates/compass/html/assets/js/pages/cards/basic.js]
[wrraptheme.com/templates/compass/html/widgets-data.html]
[wrraptheme.com/templates/compass/html/sign-up.html]
[wrraptheme.com/templates/compass/html/forgot-password.html]
[wrraptheme.com/templates/compass/html/404.html]
[wrraptheme.com/templates/compass/html/500.html]
[wrraptheme.com/templates/compass/html/page-offline.html]
[wrraptheme.com/templates/compass/html/locked.html]
[wrraptheme.com/templates/compass/html/blank.html]
[wrraptheme.com/templates/compass/html/assets/images/image-gallery/thumb/thumb-1.jpg]
[wrraptheme.com/templates/compass/html/assets/images/image-gallery/thumb/thumb-2.jpg]
[wrraptheme.com/templates/compass/html/assets/images/image-gallery/thumb/thumb-3.jpg]
[wrraptheme.com/templates/compass/html/assets/images/image-gallery/4.jpg]
[wrraptheme.com/templates/compass/html/assets/images/image-gallery/thumb/thumb-4.jpg]
[wrraptheme.com/templates/compass/html/assets/images/image-gallery/thumb/thumb-5.jpg]
[wrraptheme.com/templates/compass/html/assets/images/image-gallery/thumb/thumb-6.jpg]
[wrraptheme.com/templates/compass/html/assets/images/image-gallery/7.jpg]
[wrraptheme.com/templates/compass/html/assets/images/image-gallery/thumb/thumb-7.jpg]
[wrraptheme.com/templates/compass/html/assets/images/image-gallery/thumb/thumb-8.jpg]
[wrraptheme.com/templates/compass/html/assets/images/image-gallery/9.jpg]
[wrraptheme.com/templates/compass/html/assets/images/image-gallery/thumb/thumb-9.jpg]
[wrraptheme.com/templates/compass/html/assets/images/image-gallery/10.jpg]
[wrraptheme.com/templates/compass/html/assets/images/image-gallery/thumb/thumb-10.jpg]
[wrraptheme.com/templates/compass/html/assets/images/image-gallery/11.jpg]
[wrraptheme.com/templates/compass/html/assets/images/image-gallery/thumb/thumb-11.jpg]
[wrraptheme.com/templates/compass/html/assets/images/image-gallery/thumb/thumb-12.jpg]
[wrraptheme.com/templates/compass/html/assets/images/image-gallery/13.jpg]
[wrraptheme.com/templates/compass/html/assets/images/image-gallery/thumb/thumb-13.jpg]
[wrraptheme.com/templates/compass/html/assets/images/image-gallery/14.jpg]
[wrraptheme.com/templates/compass/html/assets/images/image-gallery/thumb/thumb-14.jpg]
[wrraptheme.com/templates/compass/html/assets/images/image-gallery/15.jpg]
[wrraptheme.com/templates/compass/html/assets/images/image-gallery/thumb/thumb-15.jpg]
[wrraptheme.com/templates/compass/html/assets/plugins/light-gallery/js/lightgallery-all.min.js]
[wrraptheme.com/templates/compass/html/image-gallery.html]
[wrraptheme.com/templates/compass/html/timeline.html]
[wrraptheme.com/templates/compass/html/pricing.html]
[wrraptheme.com/templates/compass/html/invoices.html]
[wrraptheme.com/templates/compass/html/search-results.html]
[wrraptheme.com/templates/compass/html/assets/js/pages/medias/image-gallery.js]
[wrraptheme.com/templates/compass/html/assets/plugins/gmaps/gmaps.js]
[wrraptheme.com/templates/compass/html/assets/js/pages/maps/google.js]
[wrraptheme.com/templates/compass/html/google.html]
[wrraptheme.com/templates/compass/html/yandex.html]
[wrraptheme.com/templates/compass/html/assets/plugins/jvectormap/jquery-jvectormap-world-mill-en.js]
[wrraptheme.com/templates/compass/html/assets/plugins/jvectormap/jquery-jvectormap-in-mill.js]
[wrraptheme.com/templates/compass/html/assets/plugins/jvectormap/jquery-jvectormap-uk-mill-en.js]
[wrraptheme.com/templates/compass/html/assets/plugins/jvectormap/jquery-jvectormap-au-mill.js]
[wrraptheme.com/templates/compass/html/assets/js/pages/maps/jvectormap.js]
[wrraptheme.com/templates/compass/html/jvectormap.html]
[wrraptheme.com/templates/compass/html/assets/fonts/nucleo-outline.html]
[wrraptheme.com/templates/compass/html/assets/fonts/nucleo-outline-2.html]
[wrraptheme.com/templates/compass/html/assets/fonts/nucleo-outline-3.html]
[wrraptheme.com/templates/compass/html/assets/fonts/nucleo-outline-4.html]
[wrraptheme.com/templates/compass/html/assets/plugins/jvectormap/jquery-jvectormap-2.0.3.min.css]
[wrraptheme.com/templates/compass/html/assets/plugins/morrisjs/morris.min.css]
[wrraptheme.com/templates/compass/html/assets/images/weather/summer.svg]
[wrraptheme.com/templates/compass/html/assets/images/weather/rain.svg]
[wrraptheme.com/templates/compass/html/assets/images/weather/cloudy.svg]
[wrraptheme.com/templates/compass/html/assets/images/weather/wind.svg]
[wrraptheme.com/templates/compass/html/assets/images/weather/sky.svg]
[wrraptheme.com/templates/compass/html/assets/css/authentication.css]
[wrraptheme.com/templates/compass/html/assets/css/timeline.css]
[wrraptheme.com/templates/compass/html/assets/plugins/fullcalendar/fullcalendar.min.css]
[wrraptheme.com/templates/compass/html/assets/css/inbox.css]
[wrraptheme.com/templates/compass/html/mail-compose.html]
[wrraptheme.com/templates/compass/html/mail-single.html]
[wrraptheme.com/templates/compass/html/assets/plugins/footable-bootstrap/css/footable.bootstrap.min.css]
[wrraptheme.com/templates/compass/html/assets/plugins/footable-bootstrap/css/footable.standalone.min.css]
[wrraptheme.com/templates/compass/html/assets/css/chatapp.css]
[wrraptheme.com/templates/compass/html/assets/plugins/morrisjs/morris.css]
[wrraptheme.com/templates/compass/html/assets/css/rtl.css]
[wrraptheme.com/templates/compass/html/assets/css/hm-style.css]
[wrraptheme.com/templates/compass/html/agent-profile.html]
[wrraptheme.com/templates/compass/html/assets/plugins/jvectormap/jquery-jvectormap-2.0.3.css]
[wrraptheme.com/templates/compass/html/assets/css/blog.css]
[wrraptheme.com/templates/compass/html/blog-post.html]
[wrraptheme.com/templates/compass/html/assets/images/blog/blog-page-1.jpg]
[wrraptheme.com/templates/compass/html/assets/images/blog/blog-page-2.jpg]
[wrraptheme.com/templates/compass/html/assets/images/blog/blog-page-3.jpg]
[wrraptheme.com/templates/compass/html/assets/images/blog/blog-page-4.jpg]
[wrraptheme.com/templates/compass/html/assets/images/blog/05-img.jpg]
[wrraptheme.com/templates/compass/html/assets/images/blog/06-img.jpg]
[wrraptheme.com/templates/compass/html/assets/images/blog/07-img.jpg]
[wrraptheme.com/templates/compass/html/assets/images/blog/08-img.jpg]
[wrraptheme.com/templates/compass/html/assets/images/blog/09-img.jpg]
[wrraptheme.com/templates/compass/html/assets/images/blog/10-img.jpg]
[wrraptheme.com/templates/compass/html/assets/images/blog/11-img.jpg]
[wrraptheme.com/templates/compass/html/assets/images/blog/12-img.jpg]
[wrraptheme.com/templates/compass/html/assets/images/blog/13-img.jpg]
[wrraptheme.com/templates/compass/html/blog-list.html]
[wrraptheme.com/templates/compass/html/blog-grid.html]
[wrraptheme.com/templates/compass/html/assets/images/blog/1.jpg]
[wrraptheme.com/templates/compass/html/assets/images/blog/2.jpg]
[wrraptheme.com/templates/compass/html/assets/images/blog/3.jpg]
[wrraptheme.com/templates/compass/html/assets/images/blog/4.jpg]
[wrraptheme.com/templates/compass/html/blog-details.html]
[wrraptheme.com/templates/compass/html/file-documents.html]
[wrraptheme.com/templates/compass/html/file-media.html]
[wrraptheme.com/templates/compass/html/file-images.html]
[wrraptheme.com/templates/compass/html/assets/plugins/sweetalert/sweetalert.css]
[wrraptheme.com/templates/compass/html/assets/plugins/ion-rangeslider/css/ion.rangeSlider.css]
[wrraptheme.com/templates/compass/html/assets/plugins/ion-rangeslider/img/sprite-skin-flat.png]
[wrraptheme.com/templates/compass/html/assets/plugins/ion-rangeslider/css/ion.rangeSlider.skinFlat.css]
[wrraptheme.com/templates/compass/html/assets/plugins/nestable/jquery-nestable.css]
[wrraptheme.com/templates/compass/html/assets/plugins/bootstrap-material-datetimepicker/css/bootstrap-material-datetimepicker.css]
[wrraptheme.com/templates/compass/html/assets/plugins/bootstrap-select/css/bootstrap-select.css]
[wrraptheme.com/templates/compass/html/assets/plugins/bootstrap-colorpicker/img/bootstrap-colorpicker/saturation.png]
[wrraptheme.com/templates/compass/html/assets/plugins/bootstrap-colorpicker/img/bootstrap-colorpicker/hue.png]
[wrraptheme.com/templates/compass/html/assets/plugins/bootstrap-colorpicker/img/bootstrap-colorpicker/alpha.png]
[wrraptheme.com/templates/compass/html/assets/plugins/bootstrap-colorpicker/img/bootstrap-colorpicker/hue-horizontal.png]
[wrraptheme.com/templates/compass/html/assets/plugins/bootstrap-colorpicker/img/bootstrap-colorpicker/alpha-horizontal.png]
[wrraptheme.com/templates/compass/html/assets/plugins/bootstrap-colorpicker/css/bootstrap-colorpicker.css]
[wrraptheme.com/templates/compass/html/assets/plugins/multi-select/img/switch.png]
[wrraptheme.com/templates/compass/html/assets/plugins/multi-select/css/multi-select.css]
[wrraptheme.com/templates/compass/html/assets/plugins/jquery-spinner/css/bootstrap-spinner.css]
[wrraptheme.com/templates/compass/html/assets/plugins/bootstrap-tagsinput/bootstrap-tagsinput.css]
[wrraptheme.com/templates/compass/html/assets/plugins/nouislider/nouislider.min.css]
[wrraptheme.com/templates/compass/html/assets/plugins/animate-css/animate.css]
[wrraptheme.com/templates/compass/html/assets/plugins/dropzone/dropzone.css]
[wrraptheme.com/templates/compass/html/assets/plugins/jquery-datatable/dataTables.bootstrap4.min.css]
[wrraptheme.com/templates/compass/html/assets/plugins/light-gallery/fonts/lgd641.eot]
[wrraptheme.com/templates/compass/html/assets/plugins/light-gallery/fonts/lgd41d.eot]
[wrraptheme.com/templates/compass/html/assets/plugins/light-gallery/fonts/lgd641.woff]
[wrraptheme.com/templates/compass/html/assets/plugins/light-gallery/fonts/lgd641.ttf]
[wrraptheme.com/templates/compass/html/assets/plugins/light-gallery/img/vimeo-play.png]
[wrraptheme.com/templates/compass/html/assets/plugins/light-gallery/img/video-play.png]
[wrraptheme.com/templates/compass/html/assets/plugins/light-gallery/img/youtube-play.png]
[wrraptheme.com/templates/compass/html/assets/plugins/light-gallery/img/loading.gif]
[wrraptheme.com/templates/compass/html/assets/plugins/light-gallery/css/lightgallery.css]
[wrraptheme.com/templates/compass/html/assets/plugins/light-gallery/fonts/lgd641.svg]
